// Jest Snapshot v1, https://goo.gl/fbAQLP

exports[`index page it should render the page title 1`] = `
<body>
  <div>
     
    <section
      class="hero"
    >
      <h1
        class="title mdc-typography--headline1 u-centered"
      >
        My Perfect Cookie
      </h1>
    </section>
     
    <section
      class="controls mdc-layout-grid"
    >
      <div
        class="mdc-layout-grid"
      >
        <div
          class="grid mdc-layout-grid__inner"
        >
          <div
            class="first-column mdc-layout-grid__cell mdc-layout-grid__cell--span-1-phone mdc-layout-grid__cell--span-1-tablet mdc-layout-grid__cell--span-2-desktop"
          >
            <span>
              Light
            </span>
          </div>
           
          <div
            class="mdc-layout-grid__cell mdc-layout-grid__cell--span-2-phone mdc-layout-grid__cell--span-6-tablet mdc-layout-grid__cell--span-8-desktop"
          >
            <div
              aria-valuemax="100"
              aria-valuemin="0"
              aria-valuenow="80"
              class="mdc-slider"
              data-step="10"
              role="slider"
              tabindex="0"
            >
              <div
                class="mdc-slider__track-container"
              >
                <div
                  class="mdc-slider__track"
                />
                 
              </div>
               
              <div
                class="mdc-slider__thumb-container"
              >
                 
                <svg
                  class="mdc-slider__thumb"
                  height="21"
                  width="21"
                >
                  <circle
                    cx="10.5"
                    cy="10.5"
                    r="7.875"
                  />
                </svg>
                 
                <div
                  class="mdc-slider__focus-ring"
                />
              </div>
            </div>
          </div>
           
          <div
            class="mdc-layout-grid__cell mdc-layout-grid__cell--span-1-phone mdc-layout-grid__cell--span-1-tablet mdc-layout-grid__cell--span-2-desktop"
          >
            <span>
              Dark
            </span>
          </div>
        </div>
      </div>
      <div
        class="mdc-layout-grid"
      >
        <div
          class="grid mdc-layout-grid__inner"
        >
          <div
            class="first-column mdc-layout-grid__cell mdc-layout-grid__cell--span-1-phone mdc-layout-grid__cell--span-1-tablet mdc-layout-grid__cell--span-2-desktop"
          >
            <span>
              Light & cakey
            </span>
          </div>
           
          <div
            class="mdc-layout-grid__cell mdc-layout-grid__cell--span-2-phone mdc-layout-grid__cell--span-6-tablet mdc-layout-grid__cell--span-8-desktop"
          >
            <div
              aria-valuemax="100"
              aria-valuemin="0"
              aria-valuenow="80"
              class="mdc-slider"
              data-step="10"
              role="slider"
              tabindex="0"
            >
              <div
                class="mdc-slider__track-container"
              >
                <div
                  class="mdc-slider__track"
                />
                 
              </div>
               
              <div
                class="mdc-slider__thumb-container"
              >
                 
                <svg
                  class="mdc-slider__thumb"
                  height="21"
                  width="21"
                >
                  <circle
                    cx="10.5"
                    cy="10.5"
                    r="7.875"
                  />
                </svg>
                 
                <div
                  class="mdc-slider__focus-ring"
                />
              </div>
            </div>
          </div>
           
          <div
            class="mdc-layout-grid__cell mdc-layout-grid__cell--span-1-phone mdc-layout-grid__cell--span-1-tablet mdc-layout-grid__cell--span-2-desktop"
          >
            <span>
              Dense & chewy
            </span>
          </div>
        </div>
      </div>
      <div
        class="mdc-layout-grid"
      >
        <div
          class="grid mdc-layout-grid__inner"
        >
          <div
            class="first-column mdc-layout-grid__cell mdc-layout-grid__cell--span-1-phone mdc-layout-grid__cell--span-1-tablet mdc-layout-grid__cell--span-2-desktop"
          >
            <span>
              Spread thin
            </span>
          </div>
           
          <div
            class="mdc-layout-grid__cell mdc-layout-grid__cell--span-2-phone mdc-layout-grid__cell--span-6-tablet mdc-layout-grid__cell--span-8-desktop"
          >
            <div
              aria-valuemax="100"
              aria-valuemin="0"
              aria-valuenow="40"
              class="mdc-slider"
              data-step="10"
              role="slider"
              tabindex="0"
            >
              <div
                class="mdc-slider__track-container"
              >
                <div
                  class="mdc-slider__track"
                />
                 
              </div>
               
              <div
                class="mdc-slider__thumb-container"
              >
                 
                <svg
                  class="mdc-slider__thumb"
                  height="21"
                  width="21"
                >
                  <circle
                    cx="10.5"
                    cy="10.5"
                    r="7.875"
                  />
                </svg>
                 
                <div
                  class="mdc-slider__focus-ring"
                />
              </div>
            </div>
          </div>
           
          <div
            class="mdc-layout-grid__cell mdc-layout-grid__cell--span-1-phone mdc-layout-grid__cell--span-1-tablet mdc-layout-grid__cell--span-2-desktop"
          >
            <span>
              Tall & thick
            </span>
          </div>
        </div>
      </div>
      <div
        class="mdc-layout-grid"
      >
        <div
          class="grid mdc-layout-grid__inner"
        >
          <div
            class="first-column mdc-layout-grid__cell mdc-layout-grid__cell--span-1-phone mdc-layout-grid__cell--span-1-tablet mdc-layout-grid__cell--span-2-desktop"
          >
            <span>
              Smooth
            </span>
          </div>
           
          <div
            class="mdc-layout-grid__cell mdc-layout-grid__cell--span-2-phone mdc-layout-grid__cell--span-6-tablet mdc-layout-grid__cell--span-8-desktop"
          >
            <div
              aria-valuemax="100"
              aria-valuemin="0"
              aria-valuenow="80"
              class="mdc-slider"
              data-step="10"
              role="slider"
              tabindex="0"
            >
              <div
                class="mdc-slider__track-container"
              >
                <div
                  class="mdc-slider__track"
                />
                 
              </div>
               
              <div
                class="mdc-slider__thumb-container"
              >
                 
                <svg
                  class="mdc-slider__thumb"
                  height="21"
                  width="21"
                >
                  <circle
                    cx="10.5"
                    cy="10.5"
                    r="7.875"
                  />
                </svg>
                 
                <div
                  class="mdc-slider__focus-ring"
                />
              </div>
            </div>
          </div>
           
          <div
            class="mdc-layout-grid__cell mdc-layout-grid__cell--span-1-phone mdc-layout-grid__cell--span-1-tablet mdc-layout-grid__cell--span-2-desktop"
          >
            <span>
              Craggy
            </span>
          </div>
        </div>
      </div>
      <div
        class="mdc-layout-grid"
      >
        <div
          class="grid mdc-layout-grid__inner"
        >
          <div
            class="first-column mdc-layout-grid__cell mdc-layout-grid__cell--span-1-phone mdc-layout-grid__cell--span-1-tablet mdc-layout-grid__cell--span-2-desktop"
          >
            <span>
              Soft
            </span>
          </div>
           
          <div
            class="mdc-layout-grid__cell mdc-layout-grid__cell--span-2-phone mdc-layout-grid__cell--span-6-tablet mdc-layout-grid__cell--span-8-desktop"
          >
            <div
              aria-valuemax="100"
              aria-valuemin="0"
              aria-valuenow="30"
              class="mdc-slider"
              data-step="10"
              role="slider"
              tabindex="0"
            >
              <div
                class="mdc-slider__track-container"
              >
                <div
                  class="mdc-slider__track"
                />
                 
              </div>
               
              <div
                class="mdc-slider__thumb-container"
              >
                 
                <svg
                  class="mdc-slider__thumb"
                  height="21"
                  width="21"
                >
                  <circle
                    cx="10.5"
                    cy="10.5"
                    r="7.875"
                  />
                </svg>
                 
                <div
                  class="mdc-slider__focus-ring"
                />
              </div>
            </div>
          </div>
           
          <div
            class="mdc-layout-grid__cell mdc-layout-grid__cell--span-1-phone mdc-layout-grid__cell--span-1-tablet mdc-layout-grid__cell--span-2-desktop"
          >
            <span>
              Crunchy
            </span>
          </div>
        </div>
      </div>
    </section>
     
    <section
      class="mdc-layout-grid"
    >
      <h2
        class="mdc-typography--headline1 u-centered"
      >
        Ingredients
      </h2>
       
      <div
        class="mdc-layout-grid u-layout--centered"
      >
        <button
          aria-hidden="true"
          aria-pressed="false"
          class="mdc-icon-button mdc-ripple-upgraded--unbounded"
          data-testid="decrement-button"
        >
          <i
            aria-hidden="true"
            class="
    material-icons
    
    
    mdc-icon-button__icon
    
    
    
    
    
    
  "
          >
            remove
          </i>
        </button>
        
         
        <div
          class="wrapper"
        >
          <label
            class="
      mdc-text-field
      
      
      
      
      
      smui-text-field--standard
      
      
      
      
      
    "
            data-testid="yield"
            pattern="[0-9]2"
          >
             
            <input
              class="mdc-text-field__input "
              type="text"
            />
             
            <span
              class="mdc-floating-label mdc-floating-label--float-above"
            >
              Number of cookies
            </span>
            
             
            <div
              class="
    mdc-line-ripple
    
    
  "
            />
            
             
          </label>
          
        </div>
         
        <button
          aria-hidden="true"
          aria-pressed="false"
          class="mdc-icon-button mdc-ripple-upgraded--unbounded"
          data-testid="increment-button"
        >
          <i
            aria-hidden="true"
            class="
    material-icons
    
    
    mdc-icon-button__icon
    
    
    
    
    
    
  "
          >
            add
          </i>
        </button>
        
      </div>
       
      <div
        class="ingredients"
      >
        <div
          class="mdc-data-table"
        >
          <table
            aria-label="Ingredients"
            class="mdc-data-table__table "
          >
            <tbody
              class="mdc-data-table__content "
            >
              
              <tr
                aria-selected="false"
                class=" mdc-data-table__row"
              >
                <td
                  class="mdc-data-table__cell"
                >
                  381
                   
                  g
                </td>
                 
                <td
                  class="mdc-data-table__cell"
                >
                  Plain flour
                </td>
                 
                <td
                  class="mdc-data-table__cell"
                >
                  <div
                    class="mdc-checkbox mdc-checkbox--upgraded"
                  >
                    <input
                      class="mdc-checkbox__native-control "
                      type="checkbox"
                      value=""
                    />
                     
                    <div
                      class="mdc-checkbox__background"
                    >
                      <svg
                        class="mdc-checkbox__checkmark"
                        viewBox="0 0 24 24"
                      >
                        <path
                          class="mdc-checkbox__checkmark-path"
                          d="M1.73,12.91 8.1,19.28 22.79,4.59"
                          fill="none"
                        />
                      </svg>
                       
                      <div
                        class="mdc-checkbox__mixedmark"
                      />
                    </div>
                  </div>
                </td>
                 
              </tr>
              
              <tr
                aria-selected="false"
                class=" mdc-data-table__row"
              >
                <td
                  class="mdc-data-table__cell"
                >
                  187
                   
                  g
                </td>
                 
                <td
                  class="mdc-data-table__cell"
                >
                  Bread flour
                </td>
                 
                <td
                  class="mdc-data-table__cell"
                >
                  <div
                    class="mdc-checkbox mdc-checkbox--upgraded"
                  >
                    <input
                      class="mdc-checkbox__native-control "
                      type="checkbox"
                      value=""
                    />
                     
                    <div
                      class="mdc-checkbox__background"
                    >
                      <svg
                        class="mdc-checkbox__checkmark"
                        viewBox="0 0 24 24"
                      >
                        <path
                          class="mdc-checkbox__checkmark-path"
                          d="M1.73,12.91 8.1,19.28 22.79,4.59"
                          fill="none"
                        />
                      </svg>
                       
                      <div
                        class="mdc-checkbox__mixedmark"
                      />
                    </div>
                  </div>
                </td>
                 
              </tr>
              
              <tr
                aria-selected="false"
                class=" mdc-data-table__row"
              >
                <td
                  class="mdc-data-table__cell"
                >
                  326
                   
                  g
                </td>
                 
                <td
                  class="mdc-data-table__cell"
                >
                  Butter
                </td>
                 
                <td
                  class="mdc-data-table__cell"
                >
                  <div
                    class="mdc-checkbox mdc-checkbox--upgraded"
                  >
                    <input
                      class="mdc-checkbox__native-control "
                      type="checkbox"
                      value=""
                    />
                     
                    <div
                      class="mdc-checkbox__background"
                    >
                      <svg
                        class="mdc-checkbox__checkmark"
                        viewBox="0 0 24 24"
                      >
                        <path
                          class="mdc-checkbox__checkmark-path"
                          d="M1.73,12.91 8.1,19.28 22.79,4.59"
                          fill="none"
                        />
                      </svg>
                       
                      <div
                        class="mdc-checkbox__mixedmark"
                      />
                    </div>
                  </div>
                </td>
                 
              </tr>
              
              <tr
                aria-selected="false"
                class=" mdc-data-table__row"
              >
                <td
                  class="mdc-data-table__cell"
                >
                  179
                   
                  g
                </td>
                 
                <td
                  class="mdc-data-table__cell"
                >
                  Granulated sugar
                </td>
                 
                <td
                  class="mdc-data-table__cell"
                >
                  <div
                    class="mdc-checkbox mdc-checkbox--upgraded"
                  >
                    <input
                      class="mdc-checkbox__native-control "
                      type="checkbox"
                      value=""
                    />
                     
                    <div
                      class="mdc-checkbox__background"
                    >
                      <svg
                        class="mdc-checkbox__checkmark"
                        viewBox="0 0 24 24"
                      >
                        <path
                          class="mdc-checkbox__checkmark-path"
                          d="M1.73,12.91 8.1,19.28 22.79,4.59"
                          fill="none"
                        />
                      </svg>
                       
                      <div
                        class="mdc-checkbox__mixedmark"
                      />
                    </div>
                  </div>
                </td>
                 
              </tr>
              
              <tr
                aria-selected="false"
                class=" mdc-data-table__row"
              >
                <td
                  class="mdc-data-table__cell"
                >
                  234
                   
                  g
                </td>
                 
                <td
                  class="mdc-data-table__cell"
                >
                  Brown sugar
                </td>
                 
                <td
                  class="mdc-data-table__cell"
                >
                  <div
                    class="mdc-checkbox mdc-checkbox--upgraded"
                  >
                    <input
                      class="mdc-checkbox__native-control "
                      type="checkbox"
                      value=""
                    />
                     
                    <div
                      class="mdc-checkbox__background"
                    >
                      <svg
                        class="mdc-checkbox__checkmark"
                        viewBox="0 0 24 24"
                      >
                        <path
                          class="mdc-checkbox__checkmark-path"
                          d="M1.73,12.91 8.1,19.28 22.79,4.59"
                          fill="none"
                        />
                      </svg>
                       
                      <div
                        class="mdc-checkbox__mixedmark"
                      />
                    </div>
                  </div>
                </td>
                 
              </tr>
              
              
              <tr
                aria-selected="false"
                class=" mdc-data-table__row"
              >
                <td
                  class="mdc-data-table__cell"
                >
                  76
                   
                  g
                </td>
                 
                <td
                  class="mdc-data-table__cell"
                >
                  Beaten egg
                </td>
                 
                <td
                  class="mdc-data-table__cell"
                >
                  <div
                    class="mdc-checkbox mdc-checkbox--upgraded"
                  >
                    <input
                      class="mdc-checkbox__native-control "
                      type="checkbox"
                      value=""
                    />
                     
                    <div
                      class="mdc-checkbox__background"
                    >
                      <svg
                        class="mdc-checkbox__checkmark"
                        viewBox="0 0 24 24"
                      >
                        <path
                          class="mdc-checkbox__checkmark-path"
                          d="M1.73,12.91 8.1,19.28 22.79,4.59"
                          fill="none"
                        />
                      </svg>
                       
                      <div
                        class="mdc-checkbox__mixedmark"
                      />
                    </div>
                  </div>
                </td>
                 
              </tr>
              
              
              <tr
                aria-selected="false"
                class=" mdc-data-table__row"
              >
                <td
                  class="mdc-data-table__cell"
                >
                  1
                   
                  tsp
                </td>
                 
                <td
                  class="mdc-data-table__cell"
                >
                  Baking soda
                </td>
                 
                <td
                  class="mdc-data-table__cell"
                >
                  <div
                    class="mdc-checkbox mdc-checkbox--upgraded"
                  >
                    <input
                      class="mdc-checkbox__native-control "
                      type="checkbox"
                      value=""
                    />
                     
                    <div
                      class="mdc-checkbox__background"
                    >
                      <svg
                        class="mdc-checkbox__checkmark"
                        viewBox="0 0 24 24"
                      >
                        <path
                          class="mdc-checkbox__checkmark-path"
                          d="M1.73,12.91 8.1,19.28 22.79,4.59"
                          fill="none"
                        />
                      </svg>
                       
                      <div
                        class="mdc-checkbox__mixedmark"
                      />
                    </div>
                  </div>
                </td>
                 
              </tr>
              
              
              <tr
                aria-selected="false"
                class=" mdc-data-table__row"
              >
                <td
                  class="mdc-data-table__cell"
                >
                  1
                   
                  tsp
                </td>
                 
                <td
                  class="mdc-data-table__cell"
                >
                  Salt
                </td>
                 
                <td
                  class="mdc-data-table__cell"
                >
                  <div
                    class="mdc-checkbox mdc-checkbox--upgraded"
                  >
                    <input
                      class="mdc-checkbox__native-control "
                      type="checkbox"
                      value=""
                    />
                     
                    <div
                      class="mdc-checkbox__background"
                    >
                      <svg
                        class="mdc-checkbox__checkmark"
                        viewBox="0 0 24 24"
                      >
                        <path
                          class="mdc-checkbox__checkmark-path"
                          d="M1.73,12.91 8.1,19.28 22.79,4.59"
                          fill="none"
                        />
                      </svg>
                       
                      <div
                        class="mdc-checkbox__mixedmark"
                      />
                    </div>
                  </div>
                </td>
                 
              </tr>
              
              <tr
                aria-selected="false"
                class=" mdc-data-table__row"
              >
                <td
                  class="mdc-data-table__cell"
                >
                  1
                   
                  tsp
                </td>
                 
                <td
                  class="mdc-data-table__cell"
                >
                  Vanilla extract
                </td>
                 
                <td
                  class="mdc-data-table__cell"
                >
                  <div
                    class="mdc-checkbox mdc-checkbox--upgraded"
                  >
                    <input
                      class="mdc-checkbox__native-control "
                      type="checkbox"
                      value=""
                    />
                     
                    <div
                      class="mdc-checkbox__background"
                    >
                      <svg
                        class="mdc-checkbox__checkmark"
                        viewBox="0 0 24 24"
                      >
                        <path
                          class="mdc-checkbox__checkmark-path"
                          d="M1.73,12.91 8.1,19.28 22.79,4.59"
                          fill="none"
                        />
                      </svg>
                       
                      <div
                        class="mdc-checkbox__mixedmark"
                      />
                    </div>
                  </div>
                </td>
                 
              </tr>
              
              
              <tr
                aria-selected="false"
                class=" mdc-data-table__row"
              >
                <td
                  class="mdc-data-table__cell"
                >
                  2
                   
                  tsp
                </td>
                 
                <td
                  class="mdc-data-table__cell"
                >
                  Hot water
                </td>
                 
                <td
                  class="mdc-data-table__cell"
                >
                  <div
                    class="mdc-checkbox mdc-checkbox--upgraded"
                  >
                    <input
                      class="mdc-checkbox__native-control "
                      type="checkbox"
                      value=""
                    />
                     
                    <div
                      class="mdc-checkbox__background"
                    >
                      <svg
                        class="mdc-checkbox__checkmark"
                        viewBox="0 0 24 24"
                      >
                        <path
                          class="mdc-checkbox__checkmark-path"
                          d="M1.73,12.91 8.1,19.28 22.79,4.59"
                          fill="none"
                        />
                      </svg>
                       
                      <div
                        class="mdc-checkbox__mixedmark"
                      />
                    </div>
                  </div>
                </td>
                 
              </tr>
              
              <tr
                aria-selected="false"
                class=" mdc-data-table__row"
              >
                <td
                  class="mdc-data-table__cell"
                >
                  150
                   
                  g
                </td>
                 
                <td
                  class="mdc-data-table__cell"
                >
                  Chopped dark chocolate
                </td>
                 
                <td
                  class="mdc-data-table__cell"
                >
                  <div
                    class="mdc-checkbox mdc-checkbox--upgraded"
                  >
                    <input
                      class="mdc-checkbox__native-control "
                      type="checkbox"
                      value=""
                    />
                     
                    <div
                      class="mdc-checkbox__background"
                    >
                      <svg
                        class="mdc-checkbox__checkmark"
                        viewBox="0 0 24 24"
                      >
                        <path
                          class="mdc-checkbox__checkmark-path"
                          d="M1.73,12.91 8.1,19.28 22.79,4.59"
                          fill="none"
                        />
                      </svg>
                       
                      <div
                        class="mdc-checkbox__mixedmark"
                      />
                    </div>
                  </div>
                </td>
                 
              </tr>
              
            </tbody>
          </table>
        </div>
      </div>
    </section>
     
    <section
      class="mdc-layout-grid"
    >
      <h2
        class="mdc-typography--headline1 u-centered"
      >
        Method
      </h2>
       
      <div
        class="mdc-layout-grid"
      >
        <div
          class="grid mdc-layout-grid__inner"
        >
          <div
            class="first-column mdc-layout-grid__cell mdc-layout-grid__cell--span-0-phone mdc-layout-grid__cell--span-1-tablet mdc-layout-grid__cell--span-2-desktop"
          />
           
          <div
            class="first-column mdc-layout-grid__cell mdc-layout-grid__cell--span-4-phone mdc-layout-grid__cell--span-6-tablet mdc-layout-grid__cell--span-8-desktop"
          >
            <h3
              class="mdc-typography--headline3 u-centered"
              data-testid="preparationTime"
            >
              About 
              1 hour, 31.5 minutes
               needed before you can eat these babies.
            </h3>
             
            <ul
              class="
      mdc-list
      
      mdc-list--non-interactive
      
      mdc-list--avatar-list
      
      
    "
              data-testid="method"
              role="list"
            >
              <li
                class="
      mdc-list-item
      
      
      
      
      
    "
                style="height: auto; margin-bottom: 1.5rem;"
                tabindex="-1"
              >
                <span
                  class="mdc-list-item__graphic "
                  style="background-image: url(https://via.placeholder.com/40/f2f2f2/777777?text=1);"
                />
                
                 
                <span>
                  In a saucepan over medium heat, cook the butter while gently swirling or stirring until you start to see golden brown milk solids. As soon as the butter turns a rich brown color with a nutty aroma, remove from the heat. This should take about 5 minutes. Be careful not to go past this point otherwise your butter will burn, leaving a bitter taste.
                </span>
                 
              </li>
              
              <li
                class="
      mdc-list-item
      
      
      
      
      
    "
                style="height: auto; margin-bottom: 1.5rem;"
                tabindex="-1"
              >
                <span
                  class="mdc-list-item__graphic "
                  style="background-image: url(https://via.placeholder.com/40/f2f2f2/777777?text=2);"
                />
                
                 
                <span>
                  Mix 2 tablespoons of hot water into the melted butter to replace the moisture lost by cooking the butter.
                </span>
                 
              </li>
              
              <li
                class="
      mdc-list-item
      
      
      
      
      
    "
                style="height: auto; margin-bottom: 1.5rem;"
                tabindex="-1"
              >
                <span
                  class="mdc-list-item__graphic "
                  style="background-image: url(https://via.placeholder.com/40/f2f2f2/777777?text=3);"
                />
                
                 
                <span>
                  Make sure the butter is cool, but not completely hardened.
                </span>
                 
              </li>
              
              <li
                class="
      mdc-list-item
      
      
      
      
      
    "
                style="height: auto; margin-bottom: 1.5rem;"
                tabindex="-1"
              >
                <span
                  class="mdc-list-item__graphic "
                  style="background-image: url(https://via.placeholder.com/40/f2f2f2/777777?text=4);"
                />
                
                 
                <span>
                  Vigorously whisk together egg, white sugar, and vanilla until pale in color and falling from the whisk in thick ribbons.
                </span>
                 
              </li>
              
              <li
                class="
      mdc-list-item
      
      
      
      
      
    "
                style="height: auto; margin-bottom: 1.5rem;"
                tabindex="-1"
              >
                <span
                  class="mdc-list-item__graphic "
                  style="background-image: url(https://via.placeholder.com/40/f2f2f2/777777?text=5);"
                />
                
                 
                <span>
                  Sift the flour, baking soda, baking powder, and salt, and whisk together.
                </span>
                 
              </li>
              
              <li
                class="
      mdc-list-item
      
      
      
      
      
    "
                style="height: auto; margin-bottom: 1.5rem;"
                tabindex="-1"
              >
                <span
                  class="mdc-list-item__graphic "
                  style="background-image: url(https://via.placeholder.com/40/f2f2f2/777777?text=6);"
                />
                
                 
                <span>
                  Mix the brown butter into the egg mixture.
                </span>
                 
              </li>
              
              <li
                class="
      mdc-list-item
      
      
      
      
      
    "
                style="height: auto; margin-bottom: 1.5rem;"
                tabindex="-1"
              >
                <span
                  class="mdc-list-item__graphic "
                  style="background-image: url(https://via.placeholder.com/40/f2f2f2/777777?text=7);"
                />
                
                 
                <span>
                  Mix the brown butter and brown sugar into the egg mixture.
                </span>
                 
              </li>
              
              <li
                class="
      mdc-list-item
      
      
      
      
      
    "
                style="height: auto; margin-bottom: 1.5rem;"
                tabindex="-1"
              >
                <span
                  class="mdc-list-item__graphic "
                  style="background-image: url(https://via.placeholder.com/40/f2f2f2/777777?text=8);"
                />
                
                 
                <span>
                  <em>
                    Gently
                  </em>
                   fold in the dry ingredients until just combined. 
                  <em>
                    Do not
                  </em>
                   overmix - it's OK to still have some flour visible. It's best to do this by hand rather than using a stand mixer to avoid over-working the dough.
                </span>
                 
              </li>
              
              <li
                class="
      mdc-list-item
      
      
      
      
      
    "
                style="height: auto; margin-bottom: 1.5rem;"
                tabindex="-1"
              >
                <span
                  class="mdc-list-item__graphic "
                  style="background-image: url(https://via.placeholder.com/40/f2f2f2/777777?text=9);"
                />
                
                 
                <span>
                  Gently mix in the chocolate and anything else you might want to add.
                </span>
                 
              </li>
              
              <li
                class="
      mdc-list-item
      
      
      
      
      
    "
                style="height: auto; margin-bottom: 1.5rem;"
                tabindex="-1"
              >
                <span
                  class="mdc-list-item__graphic "
                  style="background-image: url(https://via.placeholder.com/40/f2f2f2/777777?text=10);"
                />
                
                 
                <span>
                  Preheat the oven and line a baking sheet with something non-stick.
                </span>
                 
              </li>
              
              <li
                class="
      mdc-list-item
      
      
      
      
      
    "
                style="height: auto; margin-bottom: 1.5rem;"
                tabindex="-1"
              >
                <span
                  class="mdc-list-item__graphic "
                  style="background-image: url(https://via.placeholder.com/40/f2f2f2/777777?text=11);"
                />
                
                 
                <span>
                  Shape your dough into small balls, about 3.5cm in diameter.
                </span>
                 
              </li>
              
              <li
                class="
      mdc-list-item
      
      
      
      
      
    "
                style="height: auto; margin-bottom: 1.5rem;"
                tabindex="-1"
              >
                <span
                  class="mdc-list-item__graphic "
                  style="background-image: url(https://via.placeholder.com/40/f2f2f2/777777?text=12);"
                />
                
                 
                <span>
                  Tear each ball in half and smoodge the smooth sides back together before placing on the lined baking sheet. This will help maximize cragginess.
                </span>
                 
              </li>
              
              <li
                class="
      mdc-list-item
      
      
      
      
      
    "
                style="height: auto; margin-bottom: 1.5rem;"
                tabindex="-1"
              >
                <span
                  class="mdc-list-item__graphic "
                  style="background-image: url(https://via.placeholder.com/40/f2f2f2/777777?text=13);"
                />
                
                 
                <span>
                  Place the cookies at least 10cm apart on a lined baking sheet.
                </span>
                 
              </li>
              
              <li
                class="
      mdc-list-item
      
      
      
      
      
    "
                style="height: auto; margin-bottom: 1.5rem;"
                tabindex="-1"
              >
                <span
                  class="mdc-list-item__graphic "
                  style="background-image: url(https://via.placeholder.com/40/f2f2f2/777777?text=14);"
                />
                
                 
                <span>
                  Bake at 182 degrees for 12 minutes.
                </span>
                 
              </li>
              
              <li
                class="
      mdc-list-item
      
      
      
      
      
    "
                style="height: auto; margin-bottom: 1.5rem;"
                tabindex="-1"
              >
                <span
                  class="mdc-list-item__graphic "
                  style="background-image: url(https://via.placeholder.com/40/f2f2f2/777777?text=15);"
                />
                
                 
                <span>
                  Once baked, leave the cookies to cool and solidify on the baking tray for 2 minutes before placing on a wire cooling rack. Leave to cool completely (if you can).
                </span>
                 
              </li>
              
              
            </ul>
            
          </div>
           
          <div
            class="first-column mdc-layout-grid__cell mdc-layout-grid__cell--span-0-phone mdc-layout-grid__cell--span-1-tablet mdc-layout-grid__cell--span-2-desktop"
          />
        </div>
      </div>
    </section>
     
    <footer />
  </div>
</body>
`;
